// Jest Snapshot v1, https://goo.gl/fbAQLP

exports[`FeatureList renders correctly and matches snapshot 1`] = `
<View
  style={
    {
      "height": 150,
      "paddingTop": 20,
    }
  }
>
  <RCTScrollView
    bounces={false}
    horizontal={true}
    showsHorizontalScrollIndicator={false}
  >
    <View>
      <View
        style={
          {
            "backgroundColor": "#FFFFFF14",
            "borderRadius": 12,
            "height": 130,
            "marginRight": 8,
            "padding": 16,
            "width": 156,
          }
        }
      >
        <Image
          source={
            {
              "testUri": "../../../assets/icons/scanIcon.png",
            }
          }
          style={
            {
              "height": 36,
              "width": 36,
            }
          }
        />
        <Text
          style={
            {
              "color": "#fff",
              "fontFamily": "RubikMedium",
              "fontSize": 20,
              "paddingTop": 16,
            }
          }
        >
          Unlimited
        </Text>
        <Text
          style={
            {
              "color": "#FFFFFFB2",
              "fontFamily": "RubikRegular",
              "fontSize": 12,
              "paddingTop": 4,
            }
          }
        >
          Plant Identify
        </Text>
      </View>
      <View
        style={
          {
            "backgroundColor": "#FFFFFF14",
            "borderRadius": 12,
            "height": 130,
            "marginRight": 8,
            "padding": 16,
            "width": 156,
          }
        }
      >
        <Image
          source={
            {
              "testUri": "../../../assets/icons/fastIcon.png",
            }
          }
          style={
            {
              "height": 36,
              "width": 36,
            }
          }
        />
        <Text
          style={
            {
              "color": "#fff",
              "fontFamily": "RubikMedium",
              "fontSize": 20,
              "paddingTop": 16,
            }
          }
        >
          Faster
        </Text>
        <Text
          style={
            {
              "color": "#FFFFFFB2",
              "fontFamily": "RubikRegular",
              "fontSize": 12,
              "paddingTop": 4,
            }
          }
        >
          Process
        </Text>
      </View>
    </View>
  </RCTScrollView>
</View>
`;
