// Jest Snapshot v1, https://goo.gl/fbAQLP

exports[`PremiumBanner Component renders correctly and matches snapshot 1`] = `
<View
  accessibilityState={
    {
      "busy": undefined,
      "checked": undefined,
      "disabled": undefined,
      "expanded": undefined,
      "selected": undefined,
    }
  }
  accessibilityValue={
    {
      "max": undefined,
      "min": undefined,
      "now": undefined,
      "text": undefined,
    }
  }
  accessible={true}
  collapsable={false}
  focusable={true}
  onBlur={[Function]}
  onClick={[Function]}
  onFocus={[Function]}
  onResponderGrant={[Function]}
  onResponderMove={[Function]}
  onResponderRelease={[Function]}
  onResponderTerminate={[Function]}
  onResponderTerminationRequest={[Function]}
  onStartShouldSetResponder={[Function]}
  style={
    {
      "alignItems": "center",
      "backgroundColor": "#24201A",
      "borderRadius": 12,
      "flexDirection": "row",
      "margin": 24,
      "padding": 16,
    }
  }
  testID="premiumBannerButton"
>
  <Image
    source={
      {
        "testUri": "../../../assets/icons/envelopeIcon.png",
      }
    }
    style={
      {
        "alignSelf": "center",
        "height": 40,
        "textAlign": "center",
        "width": 48,
      }
    }
  />
  <View
    style={
      {
        "flex": 1,
        "justifyContent": "center",
        "marginLeft": 12,
      }
    }
  >
    FREE Premium Available
    Tap to upgrade your account!
  </View>
  <Image
    source={
      {
        "testUri": "../../../assets/icons/arrowIcon.png",
      }
    }
    style={
      {
        "height": 24,
        "width": 24,
      }
    }
  />
</View>
`;
