// Jest Snapshot v1, https://goo.gl/fbAQLP

exports[`PlanOptions renders correctly and matches snapshot 1`] = `
<View
  style={
    {
      "marginTop": 20,
    }
  }
>
  <View
    accessibilityRole="radio"
    accessibilityState={
      {
        "busy": undefined,
        "checked": undefined,
        "disabled": undefined,
        "expanded": undefined,
        "selected": false,
      }
    }
    accessibilityValue={
      {
        "max": undefined,
        "min": undefined,
        "now": undefined,
        "text": undefined,
      }
    }
    accessible={true}
    collapsable={false}
    focusable={true}
    onBlur={[Function]}
    onClick={[Function]}
    onFocus={[Function]}
    onResponderGrant={[Function]}
    onResponderMove={[Function]}
    onResponderRelease={[Function]}
    onResponderTerminate={[Function]}
    onResponderTerminationRequest={[Function]}
    onStartShouldSetResponder={[Function]}
    style={
      [
        {
          "borderRadius": 14,
          "marginBottom": 16,
          "padding": 16,
        },
        {
          "backgroundColor": "#FFFFFF0D",
        },
      ]
    }
    testID="planCardmonthly"
  >
    <View
      style={
        {
          "alignItems": "center",
          "flexDirection": "row",
          "gap": 12,
        }
      }
    >
      <View
        style={
          [
            {
              "alignItems": "center",
              "backgroundColor": "#FFFFFF26",
              "borderRadius": 12,
              "height": 24,
              "justifyContent": "center",
              "width": 24,
            },
            false,
          ]
        }
        testID="radioOuterView"
      />
      <View
        style={
          {
            "flex": 1,
          }
        }
      >
        <View
          style={
            {
              "alignItems": "center",
              "flexDirection": "row",
              "justifyContent": "space-between",
              "position": "relative",
            }
          }
        >
          <Text
            style={
              {
                "color": "#fff",
                "fontFamily": "RubikMedium",
                "fontSize": 16,
                "fontWeight": "bold",
              }
            }
          >
            1 Month
          </Text>
        </View>
        <Text
          style={
            {
              "color": "#FFFFFFB2",
              "fontFamily": "RubikLight",
              "fontSize": 14,
              "marginTop": 4,
            }
          }
        >
          $2.99/month, auto renewable
        </Text>
      </View>
    </View>
  </View>
  <View
    accessibilityRole="radio"
    accessibilityState={
      {
        "busy": undefined,
        "checked": undefined,
        "disabled": undefined,
        "expanded": undefined,
        "selected": true,
      }
    }
    accessibilityValue={
      {
        "max": undefined,
        "min": undefined,
        "now": undefined,
        "text": undefined,
      }
    }
    accessible={true}
    collapsable={false}
    focusable={true}
    onBlur={[Function]}
    onClick={[Function]}
    onFocus={[Function]}
    onResponderGrant={[Function]}
    onResponderMove={[Function]}
    onResponderRelease={[Function]}
    onResponderTerminate={[Function]}
    onResponderTerminationRequest={[Function]}
    onStartShouldSetResponder={[Function]}
    style={
      [
        {
          "borderRadius": 14,
          "marginBottom": 16,
          "padding": 16,
        },
        {
          "borderColor": "#28AF6E",
          "borderWidth": 1.5,
        },
      ]
    }
    testID="planCardyearly"
  >
    <View
      style={
        {
          "alignItems": "center",
          "flexDirection": "row",
          "gap": 12,
        }
      }
    >
      <View
        style={
          [
            {
              "alignItems": "center",
              "backgroundColor": "#FFFFFF26",
              "borderRadius": 12,
              "height": 24,
              "justifyContent": "center",
              "width": 24,
            },
            {
              "backgroundColor": "#28AF6E",
            },
          ]
        }
        testID="radioOuterView"
      >
        <View
          style={
            {
              "backgroundColor": "white",
              "borderRadius": 4,
              "height": 8,
              "width": 8,
            }
          }
          testID="radioInnerView"
        />
      </View>
      <View
        style={
          {
            "flex": 1,
          }
        }
      >
        <View
          style={
            {
              "alignItems": "center",
              "flexDirection": "row",
              "justifyContent": "space-between",
              "position": "relative",
            }
          }
        >
          <Text
            style={
              {
                "color": "#fff",
                "fontFamily": "RubikMedium",
                "fontSize": 16,
                "fontWeight": "bold",
              }
            }
          >
            1 Year
          </Text>
          <View
            style={
              {
                "backgroundColor": "#34C759",
                "borderBottomLeftRadius": 20,
                "borderTopRightRadius": 12,
                "paddingHorizontal": 12,
                "paddingVertical": 4,
                "position": "absolute",
                "right": -16,
                "top": -16,
              }
            }
          >
            <Text
              style={
                {
                  "color": "#fff",
                  "fontFamily": "RubikMedium",
                  "fontSize": 12,
                  "fontWeight": "bold",
                }
              }
            >
              Save 50%
            </Text>
          </View>
        </View>
        <Text
          style={
            {
              "color": "#FFFFFFB2",
              "fontFamily": "RubikLight",
              "fontSize": 14,
              "marginTop": 4,
            }
          }
        >
          First 3 days free, then $529.99/year
        </Text>
      </View>
    </View>
  </View>
</View>
`;
